INFO exec -a "java" java -XX:MaxRAMPercentage=80.0 -XX:+UseParallelGC -XX:MinHeapFreeRatio=10 -XX:MaxHeapFreeRatio=20 -XX:GCTimeRatio=4 -XX:AdaptiveSizePolicyWeight=90 -XX:+ExitOnOutOfMemoryError -cp "." -jar /deployments/quarkus-run.jar 
INFO running in /deployments
__  ____  __  _____   ___  __ ____  ______ 
 --/ __ \/ / / / _ | / _ \/ //_/ / / / __/ 
 -/ /_/ / /_/ / __ |/ , _/ ,< / /_/ /\ \   
--\___\_\____/_/ |_/_/|_/_/|_|\____/___/   
2026-08+00-14 13:40:10 WARN [null] (main) Unrecognized configuration key "quarkus.security.users.embedded.enabled" was provided; it will be ignored; verify that the dependency extension for this configuration is set or that you did not make a typo
2026-08+00-14 13:40:10 WARN [null] (main) Unrecognized configuration key "quarkus.log.console.color" was provided; it will be ignored; verify that the dependency extension for this configuration is set or that you did not make a typo
2026-08+00-14 13:40:10 WARN [null] (main) Unrecognized configuration key "quarkus.otel.instrument.kafka" was provided; it will be ignored; verify that the dependency extension for this configuration is set or that you did not make a typo
2026-08+00-14 13:40:11 WARN [io.quarkus.runtime.configuration.ConfigDiagnostic] (main) The "quarkus.log.console.json" config property is deprecated and should not be used anymore.
2026-08+00-14 13:40:12 WARN [io.micrometer.common.util.internal.logging.AbstractInternalLogger] (main) This Gauge has been already registered (MeterId{name='netty.eventexecutor.workers', tags=[]}), the registration will be ignored. Note that subsequent logs will be logged at debug level.
2026-08+00-14 13:40:12 INFO [io.apicurio.registry.storage.impl.sql.AbstractSqlRegistryStorage] (main) SqlRegistryStorage constructed successfully.
2026-08+00-14 13:40:12 INFO [io.apicurio.registry.storage.impl.sql.RegistryDatasourceProducer] (main) Using h2 SQL storage.
2026-08+00-14 13:40:12 INFO [io.apicurio.registry.storage.impl.sql.AbstractSqlRegistryStorage] (main) Acquiring database initialization lock...
2026-08+00-14 13:40:13 INFO [io.apicurio.registry.storage.impl.sql.AbstractSqlRegistryStorage] (main) Database initialization lock acquired.
2026-08+00-14 13:40:13 INFO [io.apicurio.registry.storage.impl.sql.AbstractSqlRegistryStorage] (main) Checking to see if the DB is initialized.
2026-08+00-14 13:40:13 INFO [io.apicurio.registry.storage.impl.sql.AbstractSqlRegistryStorage] (main) Database not initialized.
2026-08+00-14 13:40:13 INFO [io.apicurio.registry.storage.impl.sql.AbstractSqlRegistryStorage] (main) Initializing the Apicurio Registry database.
2026-08+00-14 13:40:13 INFO [io.apicurio.registry.storage.impl.sql.AbstractSqlRegistryStorage] (main) 	Database type: h2
2026-08+00-14 13:40:13 INFO [io.apicurio.registry.storage.impl.sql.AbstractSqlRegistryStorage] (main) Checking to see if the DB is up-to-date.
2026-08+00-14 13:40:13 INFO [io.apicurio.registry.storage.impl.sql.AbstractSqlRegistryStorage] (main) Build's DB version is 107
2026-08+00-14 13:40:13 INFO [io.apicurio.registry.storage.impl.sql.AbstractSqlRegistryStorage] (main) Releasing database initialization lock...
2026-08+00-14 13:40:13 INFO [io.apicurio.registry.storage.impl.sql.AbstractSqlRegistryStorage] (main) Database initialization lock released.
2026-08+00-14 13:40:13 INFO [io.apicurio.registry.storage.RegistryStorageProducer] (main) Using the following RegistryStorage implementation: io.apicurio.registry.storage.impl.sql.SqlRegistryStorage_ClientProxy
2026-08+00-14 13:40:13 INFO [io.apicurio.registry.storage.impl.search.ElasticsearchSearchConfig] (main) Elasticsearch search index DISABLED
2026-08+00-14 13:40:14 INFO [io.quarkus.bootstrap.runner.Timing] (main) apicurio-registry-app 3.3.1.redhat-00011 on JVM (powered by Quarkus 3.33.1.redhat-00002) started in 9.502s. Listening on: http://0.0.0.0:8080. Management interface listening on http://0.0.0.0:9000.
2026-08+00-14 13:40:14 INFO [io.quarkus.bootstrap.runner.Timing] (main) Profile prod activated. 
2026-08+00-14 13:40:14 INFO [io.quarkus.bootstrap.runner.Timing] (main) Installed features: [agroal, cdi, elasticsearch-java-client, elasticsearch-rest-client, jdbc-h2, jdbc-mssql, jdbc-mysql, jdbc-postgresql, kubernetes-client, micrometer, narayana-jta, oidc, opentelemetry, resteasy, resteasy-client, resteasy-client-jackson, resteasy-jackson, scheduler, security, servlet, smallrye-context-propagation, smallrye-fault-tolerance, smallrye-health, smallrye-jwt, vertx]
2026-08+00-14 13:40:14 INFO [io.apicurio.registry.storage.impl.search.ElasticsearchStartupIndexer] (executor-thread-4) Storage is ready — checking if Elasticsearch startup reindex is needed.
2026-08+00-14 13:40:14 INFO [io.apicurio.registry.storage.impl.search.ElasticsearchStartupIndexer] (executor-thread-4) Elasticsearch search indexing is disabled, skipping startup reindex.
2026-08+00-14 13:40:22 INFO [io.apicurio.registry.auth.AppAuthenticationMechanism] (vert.x-eventloop-thread-0) Authentication chain: [none] (no mechanisms enabled)
2026-08+00-14 13:40:22 INFO [io.quarkus.vertx.http.runtime.filters.accesslog.JBossLoggingAccessLogReceiver] (executor-thread-2) "apicurio-registry.access method="GET" path="/apis/registry/v3/system/info" response_code="200" response_time="-" remote_ip="10.128.2.19" remote_user="-" user_agent="curl/8.5.0""
